../MCAL/SYSTCK/SYSTICK_program.c:24:16:SYSTICK_Init	16	static,ignoring_inline_asm
../MCAL/SYSTCK/SYSTICK_program.c:53:6:SysTick_Handler	8	static
../MCAL/SYSTCK/SYSTICK_program.c:68:6:SYSTICK_Delay_ms	16	static
../MCAL/SYSTCK/SYSTICK_program.c:81:6:SYSTICK_Delay_us	16	static
../MCAL/SYSTCK/SYSTICK_program.c:95:8:SYSTICK_Get_ElapsedTime	4	static
../MCAL/SYSTCK/SYSTICK_program.c:100:8:SYSTICK_Get_RemainingTime	4	static
../MCAL/SYSTCK/SYSTICK_program.c:105:16:SYSTICK_EnableInterupt	4	static
../MCAL/SYSTCK/SYSTICK_program.c:112:8:SYSTICK_GetTick	4	static
../MCAL/SYSTCK/SYSTICK_program.c:119:6:SYSTICK_StartCountMillisecondsIT	16	static
../MCAL/SYSTCK/SYSTICK_program.c:123:6:SYSTICK_StartCountMicrosecondsIT	16	static
