Archive member included to satisfy reference by file (symbol)

O:/01. Programs/stm32cubeide/STM32CubeIDE_1.16.1/STM32CubeIDE/plugins/com.st.stm32cube.ide.mcu.externaltools.gnu-tools-for-stm32.12.3.rel1.win32_1.0.200.202406191623/tools/bin/../lib/gcc/arm-none-eabi/12.3.1/../../../../arm-none-eabi/lib/thumb/v7e-m/nofp\libc_nano.a(libc_a-exit.o)
                              O:/01. Programs/stm32cubeide/STM32CubeIDE_1.16.1/STM32CubeIDE/plugins/com.st.stm32cube.ide.mcu.externaltools.gnu-tools-for-stm32.12.3.rel1.win32_1.0.200.202406191623/tools/bin/../lib/gcc/arm-none-eabi/12.3.1/../../../../arm-none-eabi/lib/thumb/v7e-m/nofp/crt0.o (exit)
O:/01. Programs/stm32cubeide/STM32CubeIDE_1.16.1/STM32CubeIDE/plugins/com.st.stm32cube.ide.mcu.externaltools.gnu-tools-for-stm32.12.3.rel1.win32_1.0.200.202406191623/tools/bin/../lib/gcc/arm-none-eabi/12.3.1/../../../../arm-none-eabi/lib/thumb/v7e-m/nofp\libc_nano.a(libc_a-findfp.o)
                              O:/01. Programs/stm32cubeide/STM32CubeIDE_1.16.1/STM32CubeIDE/plugins/com.st.stm32cube.ide.mcu.externaltools.gnu-tools-for-stm32.12.3.rel1.win32_1.0.200.202406191623/tools/bin/../lib/gcc/arm-none-eabi/12.3.1/../../../../arm-none-eabi/lib/thumb/v7e-m/nofp\libc_nano.a(libc_a-exit.o) (__stdio_exit_handler)
O:/01. Programs/stm32cubeide/STM32CubeIDE_1.16.1/STM32CubeIDE/plugins/com.st.stm32cube.ide.mcu.externaltools.gnu-tools-for-stm32.12.3.rel1.win32_1.0.200.202406191623/tools/bin/../lib/gcc/arm-none-eabi/12.3.1/../../../../arm-none-eabi/lib/thumb/v7e-m/nofp\libc_nano.a(libc_a-fwalk.o)
                              O:/01. Programs/stm32cubeide/STM32CubeIDE_1.16.1/STM32CubeIDE/plugins/com.st.stm32cube.ide.mcu.externaltools.gnu-tools-for-stm32.12.3.rel1.win32_1.0.200.202406191623/tools/bin/../lib/gcc/arm-none-eabi/12.3.1/../../../../arm-none-eabi/lib/thumb/v7e-m/nofp\libc_nano.a(libc_a-findfp.o) (_fwalk_sglue)
O:/01. Programs/stm32cubeide/STM32CubeIDE_1.16.1/STM32CubeIDE/plugins/com.st.stm32cube.ide.mcu.externaltools.gnu-tools-for-stm32.12.3.rel1.win32_1.0.200.202406191623/tools/bin/../lib/gcc/arm-none-eabi/12.3.1/../../../../arm-none-eabi/lib/thumb/v7e-m/nofp\libc_nano.a(libc_a-stdio.o)
                              O:/01. Programs/stm32cubeide/STM32CubeIDE_1.16.1/STM32CubeIDE/plugins/com.st.stm32cube.ide.mcu.externaltools.gnu-tools-for-stm32.12.3.rel1.win32_1.0.200.202406191623/tools/bin/../lib/gcc/arm-none-eabi/12.3.1/../../../../arm-none-eabi/lib/thumb/v7e-m/nofp\libc_nano.a(libc_a-findfp.o) (__sread)
O:/01. Programs/stm32cubeide/STM32CubeIDE_1.16.1/STM32CubeIDE/plugins/com.st.stm32cube.ide.mcu.externaltools.gnu-tools-for-stm32.12.3.rel1.win32_1.0.200.202406191623/tools/bin/../lib/gcc/arm-none-eabi/12.3.1/../../../../arm-none-eabi/lib/thumb/v7e-m/nofp\libc_nano.a(libc_a-memset.o)
                              O:/01. Programs/stm32cubeide/STM32CubeIDE_1.16.1/STM32CubeIDE/plugins/com.st.stm32cube.ide.mcu.externaltools.gnu-tools-for-stm32.12.3.rel1.win32_1.0.200.202406191623/tools/bin/../lib/gcc/arm-none-eabi/12.3.1/../../../../arm-none-eabi/lib/thumb/v7e-m/nofp/crt0.o (memset)
O:/01. Programs/stm32cubeide/STM32CubeIDE_1.16.1/STM32CubeIDE/plugins/com.st.stm32cube.ide.mcu.externaltools.gnu-tools-for-stm32.12.3.rel1.win32_1.0.200.202406191623/tools/bin/../lib/gcc/arm-none-eabi/12.3.1/../../../../arm-none-eabi/lib/thumb/v7e-m/nofp\libc_nano.a(libc_a-closer.o)
                              O:/01. Programs/stm32cubeide/STM32CubeIDE_1.16.1/STM32CubeIDE/plugins/com.st.stm32cube.ide.mcu.externaltools.gnu-tools-for-stm32.12.3.rel1.win32_1.0.200.202406191623/tools/bin/../lib/gcc/arm-none-eabi/12.3.1/../../../../arm-none-eabi/lib/thumb/v7e-m/nofp\libc_nano.a(libc_a-stdio.o) (_close_r)
O:/01. Programs/stm32cubeide/STM32CubeIDE_1.16.1/STM32CubeIDE/plugins/com.st.stm32cube.ide.mcu.externaltools.gnu-tools-for-stm32.12.3.rel1.win32_1.0.200.202406191623/tools/bin/../lib/gcc/arm-none-eabi/12.3.1/../../../../arm-none-eabi/lib/thumb/v7e-m/nofp\libc_nano.a(libc_a-reent.o)
                              O:/01. Programs/stm32cubeide/STM32CubeIDE_1.16.1/STM32CubeIDE/plugins/com.st.stm32cube.ide.mcu.externaltools.gnu-tools-for-stm32.12.3.rel1.win32_1.0.200.202406191623/tools/bin/../lib/gcc/arm-none-eabi/12.3.1/../../../../arm-none-eabi/lib/thumb/v7e-m/nofp\libc_nano.a(libc_a-closer.o) (errno)
O:/01. Programs/stm32cubeide/STM32CubeIDE_1.16.1/STM32CubeIDE/plugins/com.st.stm32cube.ide.mcu.externaltools.gnu-tools-for-stm32.12.3.rel1.win32_1.0.200.202406191623/tools/bin/../lib/gcc/arm-none-eabi/12.3.1/../../../../arm-none-eabi/lib/thumb/v7e-m/nofp\libc_nano.a(libc_a-impure.o)
                              O:/01. Programs/stm32cubeide/STM32CubeIDE_1.16.1/STM32CubeIDE/plugins/com.st.stm32cube.ide.mcu.externaltools.gnu-tools-for-stm32.12.3.rel1.win32_1.0.200.202406191623/tools/bin/../lib/gcc/arm-none-eabi/12.3.1/../../../../arm-none-eabi/lib/thumb/v7e-m/nofp\libc_nano.a(libc_a-reent.o) (_impure_ptr)
[...]
Memory Configuration

Name             Origin             Length             Attributes
RAM              0x20000000         0x00020000         xrw
FLASH            0x08000000         0x00080000         xr
*default*        0x00000000         0xffffffff

Linker script and memory map

LOAD O:/01. Programs/stm32cubeide/STM32CubeIDE_1.16.1/STM32CubeIDE/plugins/com.st.stm32cube.ide.mcu.externaltools.gnu-tools-for-stm32.12.3.rel1.win32_1.0.200.202406191623/tools/bin/../lib/gcc/arm-none-eabi/12.3.1/thumb/v7e-m/nofp/crti.o
LOAD O:/01. Programs/stm32cubeide/STM32CubeIDE_1.16.1/STM32CubeIDE/plugins/com.st.stm32cube.ide.mcu.externaltools.gnu-tools-for-stm32.12.3.rel1.win32_1.0.200.202406191623/tools/bin/../lib/gcc/arm-none-eabi/12.3.1/thumb/v7e-m/nofp/crtbegin.o
LOAD O:/01. Programs/stm32cubeide/STM32CubeIDE_1.16.1/STM32CubeIDE/plugins/com.st.stm32cube.ide.mcu.externaltools.gnu-tools-for-stm32.12.3.rel1.win32_1.0.200.202406191623/tools/bin/../lib/gcc/arm-none-eabi/12.3.1/../../../../arm-none-eabi/lib/thumb/v7e-m/nofp/crt0.o
LOAD ./MCAL/GPIO/GPIO_Program.o
LOAD ./MCAL/SYSTCK/SYSTICK_program.o
LOAD ./OS/Kernel_program.o
LOAD ./Src/main.o
LOAD ./Src/syscalls.o
LOAD ./Src/sysmem.o
LOAD ./Startup/startup_stm32f446retx.o
START GROUP
LOAD O:/01. Programs/stm32cubeide/STM32CubeIDE_1.16.1/STM32CubeIDE/plugins/com.st.stm32cube.ide.mcu.externaltools.gnu-tools-for-stm32.12.3.rel1.win32_1.0.200.202406191623/tools/bin/../lib/gcc/arm-none-eabi/12.3.1/../../../../arm-none-eabi/lib/thumb/v7e-m/nofp\libc_nano.a
LOAD O:/01. Programs/stm32cubeide/STM32CubeIDE_1.16.1/STM32CubeIDE/plugins/com.st.stm32cube.ide.mcu.externaltools.gnu-tools-for-stm32.12.3.rel1.win32_1.0.200.202406191623/tools/bin/../lib/gcc/arm-none-eabi/12.3.1/../../../../arm-none-eabi/lib/thumb/v7e-m/nofp\libm.a
END GROUP
START GROUP
LOAD O:/01. Programs/stm32cubeide/STM32CubeIDE_1.16.1/STM32CubeIDE/plugins/com.st.stm32cube.ide.mcu.externaltools.gnu-tools-for-stm32.12.3.rel1.win32_1.0.200.202406191623/tools/bin/../lib/gcc/arm-none-eabi/12.3.1/thumb/v7e-m/nofp\libgcc.a
LOAD O:/01. Programs/stm32cubeide/STM32CubeIDE_1.16.1/STM32CubeIDE/plugins/com.st.stm32cube.ide.mcu.externaltools.gnu-tools-for-stm32.12.3.rel1.win32_1.0.200.202406191623/tools/bin/../lib/gcc/arm-none-eabi/12.3.1/../../../../arm-none-eabi/lib/thumb/v7e-m/nofp\libg_nano.a
LOAD O:/01. Programs/stm32cubeide/STM32CubeIDE_1.16.1/STM32CubeIDE/plugins/com.st.stm32cube.ide.mcu.externaltools.gnu-tools-for-stm32.12.3.rel1.win32_1.0.200.202406191623/tools/bin/../lib/gcc/arm-none-eabi/12.3.1/../../../../arm-none-eabi/lib/thumb/v7e-m/nofp\libc_nano.a
END GROUP
START GROUP
LOAD O:/01. Programs/stm32cubeide/STM32CubeIDE_1.16.1/STM32CubeIDE/plugins/com.st.stm32cube.ide.mcu.externaltools.gnu-tools-for-stm32.12.3.rel1.win32_1.0.200.202406191623/tools/bin/../lib/gcc/arm-none-eabi/12.3.1/thumb/v7e-m/nofp\libgcc.a
LOAD O:/01. Programs/stm32cubeide/STM32CubeIDE_1.16.1/STM32CubeIDE/plugins/com.st.stm32cube.ide.mcu.externaltools.gnu-tools-for-stm32.12.3.rel1.win32_1.0.200.202406191623/tools/bin/../lib/gcc/arm-none-eabi/12.3.1/../../../../arm-none-eabi/lib/thumb/v7e-m/nofp\libc_nano.a
LOAD O:/01. Programs/stm32cubeide/STM32CubeIDE_1.16.1/STM32CubeIDE/plugins/com.st.stm32cube.ide.mcu.externaltools.gnu-tools-for-stm32.12.3.rel1.win32_1.0.200.202406191623/tools/bin/../lib/gcc/arm-none-eabi/12.3.1/../../../../arm-none-eabi/lib/thumb/v7e-m/nofp\libnosys.a
END GROUP
START GROUP
LOAD O:/01. Programs/stm32cubeide/STM32CubeIDE_1.16.1/STM32CubeIDE/plugins/com.st.stm32cube.ide.mcu.externaltools.gnu-tools-for-stm32.12.3.rel1.win32_1.0.200.202406191623/tools/bin/../lib/gcc/arm-none-eabi/12.3.1/thumb/v7e-m/nofp\libgcc.a
LOAD O:/01. Programs/stm32cubeide/STM32CubeIDE_1.16.1/STM32CubeIDE/plugins/com.st.stm32cube.ide.mcu.externaltools.gnu-tools-for-stm32.12.3.rel1.win32_1.0.200.202406191623/tools/bin/../lib/gcc/arm-none-eabi/12.3.1/../../../../arm-none-eabi/lib/thumb/v7e-m/nofp\libc_nano.a
LOAD O:/01. Programs/stm32cubeide/STM32CubeIDE_1.16.1/STM32CubeIDE/plugins/com.st.stm32cube.ide.mcu.externaltools.gnu-tools-for-stm32.12.3.rel1.win32_1.0.200.202406191623/tools/bin/../lib/gcc/arm-none-eabi/12.3.1/../../../../arm-none-eabi/lib/thumb/v7e-m/nofp\libnosys.a
END GROUP
LOAD O:/01. Programs/stm32cubeide/STM32CubeIDE_1.16.1/STM32CubeIDE/plugins/com.st.stm32cube.ide.mcu.externaltools.gnu-tools-for-stm32.12.3.rel1.win32_1.0.200.202406191623/tools/bin/../lib/gcc/arm-none-eabi/12.3.1/thumb/v7e-m/nofp/crtend.o
LOAD O:/01. Programs/stm32cubeide/STM32CubeIDE_1.16.1/STM32CubeIDE/plugins/com.st.stm32cube.ide.mcu.externaltools.gnu-tools-for-stm32.12.3.rel1.win32_1.0.200.202406191623/tools/bin/../lib/gcc/arm-none-eabi/12.3.1/thumb/v7e-m/nofp/crtn.o
                0x20020000                        _estack = (ORIGIN (RAM) + LENGTH (RAM))
                0x00000200                        _Min_Heap_Size = 0x200
                0x00000400                        _Min_Stack_Size = 0x400

.isr_vector     0x08000000      0x1c4
                0x08000000                        . = ALIGN (0x4)
 *(.isr_vector)
 .isr_vector    0x08000000      0x1c4 ./Startup/startup_stm32f446retx.o
                0x08000000                g_pfnVectors
                0x080001c4                        . = ALIGN (0x4)

.text           0x080001c4      0xdac
                0x080001c4                        . = ALIGN (0x4)
 *(.text)
 .text          0x080001c4       0x40 O:/01. Programs/stm32cubeide/STM32CubeIDE_1.16.1/STM32CubeIDE/plugins/com.st.stm32cube.ide.mcu.externaltools.gnu-tools-for-stm32.12.3.rel1.win32_1.0.200.202406191623/tools/bin/../lib/gcc/arm-none-eabi/12.3.1/thumb/v7e-m/nofp/crtbegin.o
 *(.text*)
 .text.GPIO_u8PinInit
                0x08000204      0x7f8 ./MCAL/GPIO/GPIO_Program.o
                0x08000204                GPIO_u8PinInit
 .text.SYSTICK_Init
                0x080009fc       0x50 ./MCAL/SYSTCK/SYSTICK_program.o
                0x080009fc                SYSTICK_Init
 .text.SysTick_Handler
                0x08000a4c       0x4c ./MCAL/SYSTCK/SYSTICK_program.o
                0x08000a4c                SysTick_Handler
 .text.OS_TaskDelay
                0x08000a98       0x70 ./OS/Kernel_program.o
                0x08000a98                OS_TaskDelay
 .text.OS_UnblockTasks
                0x08000b08       0x60 ./OS/Kernel_program.o
                0x08000b08                OS_UnblockTasks
 .text.OS_IdleTask
                0x08000b68       0x18 ./OS/Kernel_program.o
                0x08000b68                OS_IdleTask
 .text.PendSV_Handler
                0x08000b80       0x26 ./OS/Kernel_program.o
                0x08000b80                PendSV_Handler
 *fill*         0x08000ba6        0x2 
 .text.UpdateNextTask
                0x08000ba8       0x7c ./OS/Kernel_program.o
                0x08000ba8                UpdateNextTask
 .text.Stack_InitScheduler_Stack
                0x08000c24        0x8 ./OS/Kernel_program.o
                0x08000c24                Stack_InitScheduler_Stack
 .text.GetCurrent_PSP_value
                0x08000c2c       0x20 ./OS/Kernel_program.o
                0x08000c2c                GetCurrent_PSP_value
 .text.SavePSP_Value
                0x08000c4c       0x28 ./OS/Kernel_program.o
                0x08000c4c                SavePSP_Value
 .text.ChangeToPSP
                0x08000c74       0x1a ./OS/Kernel_program.o
                0x08000c74                ChangeToPSP
 *fill*         0x08000c8e        0x2 
 .text.Stack_InitTasks_Stack
                0x08000c90       0xf8 ./OS/Kernel_program.o
                0x08000c90                Stack_InitTasks_Stack
 .text.Enable_FaultException
                0x08000d88       0x38 ./OS/Kernel_program.o
                0x08000d88                Enable_FaultException
 .text.MemManage_Handler
                0x08000dc0        0x8 ./OS/Kernel_program.o
                0x08000dc0                MemManage_Handler
 .text.BusFault_Handler
                0x08000dc8        0x8 ./OS/Kernel_program.o
                0x08000dc8                BusFault_Handler
 .text.UsageFault_Handler
                0x08000dd0        0x8 ./OS/Kernel_program.o
                0x08000dd0                UsageFault_Handler
 .text.main     0x08000dd8       0x50 ./Src/main.o
                0x08000dd8                main
 .text.Task1_Handler
                0x08000e28       0x34 ./Src/main.o
                0x08000e28                Task1_Handler
 .text.Task2_Handler
                0x08000e5c       0x2c ./Src/main.o
                0x08000e5c                Task2_Handler
 .text.Task3_Handler
                0x08000e88       0x34 ./Src/main.o
                0x08000e88                Task3_Handler
 .text.Reset_Handler
                0x08000ebc       0x50 ./Startup/startup_stm32f446retx.o
                0x08000ebc                Reset_Handler
 .text.Default_Handler
                0x08000f0c        0x2 ./Startup/startup_stm32f446retx.o
                0x08000f0c                RTC_Alarm_IRQHandler
                0x08000f0c                EXTI2_IRQHandler
                0x08000f0c                TIM8_CC_IRQHandler
                0x08000f0c                SPDIF_Rx_IRQHandler
                0x08000f0c                DebugMon_Handler
                0x08000f0c                SPI4_IRQHandler
                0x08000f0c                TIM1_CC_IRQHandler
                0x08000f0c                QuadSPI_IRQHandler
                0x08000f0c                DMA2_Stream5_IRQHandler
                0x08000f0c                HardFault_Handler
                0x08000f0c                DMA1_Stream5_IRQHandler
                0x08000f0c                PVD_IRQHandler
                0x08000f0c                SDIO_IRQHandler
                0x08000f0c                TAMP_STAMP_IRQHandler
                0x08000f0c                NMI_Handler
                0x08000f0c                CAN2_RX1_IRQHandler
                0x08000f0c                EXTI3_IRQHandler
                0x08000f0c                TIM8_TRG_COM_TIM14_IRQHandler
                0x08000f0c                TIM1_UP_TIM10_IRQHandler
                0x08000f0c                FMPI2C1_error_IRQHandler
                0x08000f0c                TIM8_UP_TIM13_IRQHandler
                0x08000f0c                I2C3_ER_IRQHandler
                0x08000f0c                EXTI0_IRQHandler
                0x08000f0c                I2C2_EV_IRQHandler
                0x08000f0c                DMA1_Stream2_IRQHandler
                0x08000f0c                CAN1_RX0_IRQHandler
                0x08000f0c                OTG_HS_WKUP_IRQHandler
                0x08000f0c                CAN2_SCE_IRQHandler
                0x08000f0c                DMA2_Stream2_IRQHandler
                0x08000f0c                SPI1_IRQHandler
                0x08000f0c                TIM6_DAC_IRQHandler
                0x08000f0c                TIM1_BRK_TIM9_IRQHandler
                0x08000f0c                DCMI_IRQHandler
                0x08000f0c                CAN2_RX0_IRQHandler
                0x08000f0c                DMA2_Stream3_IRQHandler
                0x08000f0c                FMPI2C1_IRQHandler
                0x08000f0c                SAI2_IRQHandler
                0x08000f0c                USART6_IRQHandler
                0x08000f0c                USART3_IRQHandler
                0x08000f0c                CAN1_RX1_IRQHandler
                0x08000f0c                UART5_IRQHandler
                0x08000f0c                DMA2_Stream0_IRQHandler
                0x08000f0c                TIM4_IRQHandler
                0x08000f0c                I2C1_EV_IRQHandler
                0x08000f0c                HDMI_CEC_IRQHandler
                0x08000f0c                DMA1_Stream6_IRQHandler
                0x08000f0c                DMA1_Stream1_IRQHandler
                0x08000f0c                UART4_IRQHandler
                0x08000f0c                TIM3_IRQHandler
                0x08000f0c                RCC_IRQHandler
                0x08000f0c                TIM8_BRK_TIM12_IRQHandler
                0x08000f0c                Default_Handler
                0x08000f0c                EXTI15_10_IRQHandler
                0x08000f0c                ADC_IRQHandler
                0x08000f0c                DMA1_Stream7_IRQHandler
                0x08000f0c                TIM7_IRQHandler
                0x08000f0c                CAN2_TX_IRQHandler
                0x08000f0c                TIM5_IRQHandler
                0x08000f0c                DMA2_Stream7_IRQHandler
                0x08000f0c                I2C3_EV_IRQHandler
                0x08000f0c                EXTI9_5_IRQHandler
                0x08000f0c                RTC_WKUP_IRQHandler
                0x08000f0c                SPI2_IRQHandler
                0x08000f0c                OTG_HS_EP1_IN_IRQHandler
                0x08000f0c                DMA1_Stream0_IRQHandler
                0x08000f0c                CAN1_TX_IRQHandler
                0x08000f0c                SVC_Handler
                0x08000f0c                EXTI4_IRQHandler
                0x08000f0c                OTG_HS_EP1_OUT_IRQHandler
                0x08000f0c                WWDG_IRQHandler
                0x08000f0c                TIM2_IRQHandler
                0x08000f0c                OTG_FS_WKUP_IRQHandler
                0x08000f0c                TIM1_TRG_COM_TIM11_IRQHandler
                0x08000f0c                OTG_HS_IRQHandler
                0x08000f0c                EXTI1_IRQHandler
                0x08000f0c                USART2_IRQHandler
                0x08000f0c                I2C2_ER_IRQHandler
                0x08000f0c                DMA2_Stream1_IRQHandler
                0x08000f0c                CAN1_SCE_IRQHandler
                0x08000f0c                FLASH_IRQHandler
                0x08000f0c                DMA2_Stream4_IRQHandler
                0x08000f0c                USART1_IRQHandler
                0x08000f0c                OTG_FS_IRQHandler
                0x08000f0c                SPI3_IRQHandler
                0x08000f0c                DMA1_Stream4_IRQHandler
                0x08000f0c                I2C1_ER_IRQHandler
                0x08000f0c                FMC_IRQHandler
                0x08000f0c                DMA2_Stream6_IRQHandler
                0x08000f0c                SAI1_IRQHandler
                0x08000f0c                DMA1_Stream3_IRQHandler
 *fill*         0x08000f0e        0x2 
 .text.__libc_init_array
                0x08000f10       0x48 O:/01. Programs/stm32cubeide/STM32CubeIDE_1.16.1/STM32CubeIDE/plugins/com.st.stm32cube.ide.mcu.externaltools.gnu-tools-for-stm32.12.3.rel1.win32_1.0.200.202406191623/tools/bin/../lib/gcc/arm-none-eabi/12.3.1/../../../../arm-none-eabi/lib/thumb/v7e-m/nofp\libc_nano.a(libc_a-init.o)
                0x08000f10                __libc_init_array
 *(.glue_7)
 .glue_7        0x08000f58        0x0 linker stubs
 *(.glue_7t)
 .glue_7t       0x08000f58        0x0 linker stubs
 *(.eh_frame)
 .eh_frame      0x08000f58        0x0 O:/01. Programs/stm32cubeide/STM32CubeIDE_1.16.1/STM32CubeIDE/plugins/com.st.stm32cube.ide.mcu.externaltools.gnu-tools-for-stm32.12.3.rel1.win32_1.0.200.202406191623/tools/bin/../lib/gcc/arm-none-eabi/12.3.1/thumb/v7e-m/nofp/crtbegin.o
 *(.init)
 .init          0x08000f58        0x4 O:/01. Programs/stm32cubeide/STM32CubeIDE_1.16.1/STM32CubeIDE/plugins/com.st.stm32cube.ide.mcu.externaltools.gnu-tools-for-stm32.12.3.rel1.win32_1.0.200.202406191623/tools/bin/../lib/gcc/arm-none-eabi/12.3.1/thumb/v7e-m/nofp/crti.o
                0x08000f58                _init
 .init          0x08000f5c        0x8 O:/01. Programs/stm32cubeide/STM32CubeIDE_1.16.1/STM32CubeIDE/plugins/com.st.stm32cube.ide.mcu.externaltools.gnu-tools-for-stm32.12.3.rel1.win32_1.0.200.202406191623/tools/bin/../lib/gcc/arm-none-eabi/12.3.1/thumb/v7e-m/nofp/crtn.o
 *(.fini)
 .fini          0x08000f64        0x4 O:/01. Programs/stm32cubeide/STM32CubeIDE_1.16.1/STM32CubeIDE/plugins/com.st.stm32cube.ide.mcu.externaltools.gnu-tools-for-stm32.12.3.rel1.win32_1.0.200.202406191623/tools/bin/../lib/gcc/arm-none-eabi/12.3.1/thumb/v7e-m/nofp/crti.o
                0x08000f64                _fini
 .fini          0x08000f68        0x8 O:/01. Programs/stm32cubeide/STM32CubeIDE_1.16.1/STM32CubeIDE/plugins/com.st.stm32cube.ide.mcu.externaltools.gnu-tools-for-stm32.12.3.rel1.win32_1.0.200.202406191623/tools/bin/../lib/gcc/arm-none-eabi/12.3.1/thumb/v7e-m/nofp/crtn.o
                0x08000f70                        . = ALIGN (0x4)
                0x08000f70                        _etext = .

.vfp11_veneer   0x08000f70        0x0
 .vfp11_veneer  0x08000f70        0x0 linker stubs

.v4_bx          0x08000f70        0x0
 .v4_bx         0x08000f70        0x0 linker stubs

.iplt           0x08000f70        0x0
 .iplt          0x08000f70        0x0 O:/01. Programs/stm32cubeide/STM32CubeIDE_1.16.1/STM32CubeIDE/plugins/com.st.stm32cube.ide.mcu.externaltools.gnu-tools-for-stm32.12.3.rel1.win32_1.0.200.202406191623/tools/bin/../lib/gcc/arm-none-eabi/12.3.1/thumb/v7e-m/nofp/crtbegin.o

.rodata         0x08000f70        0x0
                0x08000f70                        . = ALIGN (0x4)
 *(.rodata)
 *(.rodata*)
                0x08000f70                        . = ALIGN (0x4)

.ARM.extab      0x08000f70        0x0
                0x08000f70                        . = ALIGN (0x4)
 *(.ARM.extab* .gnu.linkonce.armextab.*)
                0x08000f70                        . = ALIGN (0x4)

.ARM            0x08000f70        0x0
                0x08000f70                        . = ALIGN (0x4)
                0x08000f70                        __exidx_start = .
 *(.ARM.exidx*)
                0x08000f70                        __exidx_end = .
                0x08000f70                        . = ALIGN (0x4)

.preinit_array  0x08000f70        0x0
                0x08000f70                        . = ALIGN (0x4)
                0x08000f70                        PROVIDE (__preinit_array_start = .)
 *(.preinit_array*)
                0x08000f70                        PROVIDE (__preinit_array_end = .)
                0x08000f70                        . = ALIGN (0x4)

.init_array     0x08000f70        0x4
                0x08000f70                        . = ALIGN (0x4)
                0x08000f70                        PROVIDE (__init_array_start = .)
 *(SORT_BY_NAME(.init_array.*))
 *(.init_array*)
 .init_array    0x08000f70        0x4 O:/01. Programs/stm32cubeide/STM32CubeIDE_1.16.1/STM32CubeIDE/plugins/com.st.stm32cube.ide.mcu.externaltools.gnu-tools-for-stm32.12.3.rel1.win32_1.0.200.202406191623/tools/bin/../lib/gcc/arm-none-eabi/12.3.1/thumb/v7e-m/nofp/crtbegin.o
                0x08000f74                        PROVIDE (__init_array_end = .)
                0x08000f74                        . = ALIGN (0x4)

.fini_array     0x08000f74        0x4
                0x08000f74                        . = ALIGN (0x4)
                [!provide]                        PROVIDE (__fini_array_start = .)
 *(SORT_BY_NAME(.fini_array.*))
 *(.fini_array*)
 .fini_array    0x08000f74        0x4 O:/01. Programs/stm32cubeide/STM32CubeIDE_1.16.1/STM32CubeIDE/plugins/com.st.stm32cube.ide.mcu.externaltools.gnu-tools-for-stm32.12.3.rel1.win32_1.0.200.202406191623/tools/bin/../lib/gcc/arm-none-eabi/12.3.1/thumb/v7e-m/nofp/crtbegin.o
                [!provide]                        PROVIDE (__fini_array_end = .)
                0x08000f78                        . = ALIGN (0x4)
                0x08000f78                        _sidata = LOADADDR (.data)

.rel.dyn        0x08000f78        0x0
 .rel.iplt      0x08000f78        0x0 O:/01. Programs/stm32cubeide/STM32CubeIDE_1.16.1/STM32CubeIDE/plugins/com.st.stm32cube.ide.mcu.externaltools.gnu-tools-for-stm32.12.3.rel1.win32_1.0.200.202406191623/tools/bin/../lib/gcc/arm-none-eabi/12.3.1/thumb/v7e-m/nofp/crtbegin.o

.data           0x20000000       0x20 load address 0x08000f78
                0x20000000                        . = ALIGN (0x4)
                0x20000000                        _sdata = .
 *(.data)
 *(.data*)
 .data.BUILT_IN_LED
                0x20000000        0x7 ./MCAL/GPIO/GPIO_Program.o
                0x20000000                BUILT_IN_LED
 *fill*         0x20000007        0x1 
 .data.LED2     0x20000008        0x7 ./MCAL/GPIO/GPIO_Program.o
                0x20000008                LED2
 *fill*         0x2000000f        0x1 
 .data.LED3     0x20000010        0x7 ./MCAL/GPIO/GPIO_Program.o
                0x20000010                LED3
 *fill*         0x20000017        0x1 
 .data.LED4     0x20000018        0x7 ./MCAL/GPIO/GPIO_Program.o
                0x20000018                LED4
 .data.Global_Current_Task
                0x2000001f        0x1 ./OS/Kernel_program.o
                0x2000001f                Global_Current_Task
 *(.RamFunc)
 *(.RamFunc*)
                0x20000020                        . = ALIGN (0x4)
                0x20000020                        _edata = .

.igot.plt       0x20000020        0x0 load address 0x08000f98
 .igot.plt      0x20000020        0x0 O:/01. Programs/stm32cubeide/STM32CubeIDE_1.16.1/STM32CubeIDE/plugins/com.st.stm32cube.ide.mcu.externaltools.gnu-tools-for-stm32.12.3.rel1.win32_1.0.200.202406191623/tools/bin/../lib/gcc/arm-none-eabi/12.3.1/thumb/v7e-m/nofp/crtbegin.o
                0x20000020                        . = ALIGN (0x4)

.bss            0x20000020       0x6c load address 0x08000f98
                0x20000020                        _sbss = .
                0x20000020                        __bss_start__ = _sbss
 *(.bss)
 .bss           0x20000020       0x1c O:/01. Programs/stm32cubeide/STM32CubeIDE_1.16.1/STM32CubeIDE/plugins/com.st.stm32cube.ide.mcu.externaltools.gnu-tools-for-stm32.12.3.rel1.win32_1.0.200.202406191623/tools/bin/../lib/gcc/arm-none-eabi/12.3.1/thumb/v7e-m/nofp/crtbegin.o
 *(.bss*)
 .bss.Os_Tick   0x2000003c        0x4 ./MCAL/SYSTCK/SYSTICK_program.o
                0x2000003c                Os_Tick
 .bss.Os_Tick_Tog
                0x20000040        0x1 ./MCAL/SYSTCK/SYSTICK_program.o
                0x20000040                Os_Tick_Tog
 *fill*         0x20000041        0x3 
 .bss.Os_Idle_Task_Tick
                0x20000044        0x4 ./OS/Kernel_program.o
                0x20000044                Os_Idle_Task_Tick
 .bss.UserTasks
                0x20000048       0x40 ./OS/Kernel_program.o
                0x20000048                UserTasks
 .bss.task1_Tick
                0x20000088        0x1 ./Src/main.o
                0x20000088                task1_Tick
 .bss.task2_Tick
                0x20000089        0x1 ./Src/main.o
                0x20000089                task2_Tick
 .bss.task3_Tick
                0x2000008a        0x1 ./Src/main.o
                0x2000008a                task3_Tick
 *(COMMON)
                0x2000008c                        . = ALIGN (0x4)
 *fill*         0x2000008b        0x1 
                0x2000008c                        _ebss = .
                0x2000008c                        __bss_end__ = _ebss

._user_heap_stack
                0x2000008c      0x604 load address 0x08000f98
                0x20000090                        . = ALIGN (0x8)
 *fill*         0x2000008c        0x4 
                [!provide]                        PROVIDE (end = .)
                0x20000090                        PROVIDE (_end = .)
                0x20000290                        . = (. + _Min_Heap_Size)
 *fill*         0x20000090      0x200 
                0x20000690                        . = (. + _Min_Stack_Size)
 *fill*         0x20000290      0x400 
                0x20000690                        . = ALIGN (0x8)

/DISCARD/
 libc.a(*)
 libm.a(*)
 libgcc.a(*)

.ARM.attributes
                0x00000000       0x2a
 *(.ARM.attributes)
 .ARM.attributes
                0x00000000       0x1e O:/01. Programs/stm32cubeide/STM32CubeIDE_1.16.1/STM32CubeIDE/plugins/com.st.stm32cube.ide.mcu.externaltools.gnu-tools-for-stm32.12.3.rel1.win32_1.0.200.202406191623/tools/bin/../lib/gcc/arm-none-eabi/12.3.1/thumb/v7e-m/nofp/crti.o
 .ARM.attributes
                0x0000001e       0x2e O:/01. Programs/stm32cubeide/STM32CubeIDE_1.16.1/STM32CubeIDE/plugins/com.st.stm32cube.ide.mcu.externaltools.gnu-tools-for-stm32.12.3.rel1.win32_1.0.200.202406191623/tools/bin/../lib/gcc/arm-none-eabi/12.3.1/thumb/v7e-m/nofp/crtbegin.o
 .ARM.attributes
                0x0000004c       0x2e ./MCAL/GPIO/GPIO_Program.o
 .ARM.attributes
                0x0000007a       0x2e ./MCAL/SYSTCK/SYSTICK_program.o
 .ARM.attributes
                0x000000a8       0x2e ./OS/Kernel_program.o
 .ARM.attributes
                0x000000d6       0x2e ./Src/main.o
 .ARM.attributes
                0x00000104       0x21 ./Startup/startup_stm32f446retx.o
 .ARM.attributes
                0x00000125       0x2e O:/01. Programs/stm32cubeide/STM32CubeIDE_1.16.1/STM32CubeIDE/plugins/com.st.stm32cube.ide.mcu.externaltools.gnu-tools-for-stm32.12.3.rel1.win32_1.0.200.202406191623/tools/bin/../lib/gcc/arm-none-eabi/12.3.1/../../../../arm-none-eabi/lib/thumb/v7e-m/nofp\libc_nano.a(libc_a-init.o)
 .ARM.attributes
                0x00000153       0x1e O:/01. Programs/stm32cubeide/STM32CubeIDE_1.16.1/STM32CubeIDE/plugins/com.st.stm32cube.ide.mcu.externaltools.gnu-tools-for-stm32.12.3.rel1.win32_1.0.200.202406191623/tools/bin/../lib/gcc/arm-none-eabi/12.3.1/thumb/v7e-m/nofp/crtn.o
OUTPUT(RTOS_Scheduler.elf elf32-littlearm)
LOAD linker stubs
LOAD O:/01. Programs/stm32cubeide/STM32CubeIDE_1.16.1/STM32CubeIDE/plugins/com.st.stm32cube.ide.mcu.externaltools.gnu-tools-for-stm32.12.3.rel1.win32_1.0.200.202406191623/tools/bin/../lib/gcc/arm-none-eabi/12.3.1/../../../../arm-none-eabi/lib/thumb/v7e-m/nofp\libc.a
LOAD O:/01. Programs/stm32cubeide/STM32CubeIDE_1.16.1/STM32CubeIDE/plugins/com.st.stm32cube.ide.mcu.externaltools.gnu-tools-for-stm32.12.3.rel1.win32_1.0.200.202406191623/tools/bin/../lib/gcc/arm-none-eabi/12.3.1/../../../../arm-none-eabi/lib/thumb/v7e-m/nofp\libm.a
LOAD O:/01. Programs/stm32cubeide/STM32CubeIDE_1.16.1/STM32CubeIDE/plugins/com.st.stm32cube.ide.mcu.externaltools.gnu-tools-for-stm32.12.3.rel1.win32_1.0.200.202406191623/tools/bin/../lib/gcc/arm-none-eabi/12.3.1/thumb/v7e-m/nofp\libgcc.a

.debug_info     0x00000000     0x1720
 .debug_info    0x00000000      0x7f8 ./MCAL/GPIO/GPIO_Program.o
 .debug_info    0x000007f8      0x4bf ./MCAL/SYSTCK/SYSTICK_program.o
 .debug_info    0x00000cb7      0x4d6 ./OS/Kernel_program.o
 .debug_info    0x0000118d      0x563 ./Src/main.o
 .debug_info    0x000016f0       0x30 ./Startup/startup_stm32f446retx.o

.debug_abbrev   0x00000000      0x6c2
 .debug_abbrev  0x00000000      0x15f ./MCAL/GPIO/GPIO_Program.o
 .debug_abbrev  0x0000015f      0x179 ./MCAL/SYSTCK/SYSTICK_program.o
 .debug_abbrev  0x000002d8      0x22b ./OS/Kernel_program.o
 .debug_abbrev  0x00000503      0x1a2 ./Src/main.o
 .debug_abbrev  0x000006a5       0x1d ./Startup/startup_stm32f446retx.o

.debug_loc      0x00000000      0x82c
 .debug_loc     0x00000000      0x170 ./MCAL/GPIO/GPIO_Program.o
 .debug_loc     0x00000170      0x308 ./MCAL/SYSTCK/SYSTICK_program.o
 .debug_loc     0x00000478      0x304 ./OS/Kernel_program.o
 .debug_loc     0x0000077c       0xb0 ./Src/main.o

.debug_aranges  0x00000000      0x188
 .debug_aranges
                0x00000000       0x38 ./MCAL/GPIO/GPIO_Program.o
 .debug_aranges
                0x00000038       0x68 ./MCAL/SYSTCK/SYSTICK_program.o
 .debug_aranges
                0x000000a0       0x88 ./OS/Kernel_program.o
 .debug_aranges
                0x00000128       0x38 ./Src/main.o
 .debug_aranges
                0x00000160       0x28 ./Startup/startup_stm32f446retx.o

.debug_ranges   0x00000000      0x140
 .debug_ranges  0x00000000       0x28 ./MCAL/GPIO/GPIO_Program.o
 .debug_ranges  0x00000028       0x58 ./MCAL/SYSTCK/SYSTICK_program.o
 .debug_ranges  0x00000080       0x78 ./OS/Kernel_program.o
 .debug_ranges  0x000000f8       0x28 ./Src/main.o
 .debug_ranges  0x00000120       0x20 ./Startup/startup_stm32f446retx.o

.debug_macro    0x00000000     0x22c4
 .debug_macro   0x00000000       0x46 ./MCAL/GPIO/GPIO_Program.o
 .debug_macro   0x00000046      0xab4 ./MCAL/GPIO/GPIO_Program.o
 .debug_macro   0x00000afa       0x4c ./MCAL/GPIO/GPIO_Program.o
 .debug_macro   0x00000b46       0x70 ./MCAL/GPIO/GPIO_Program.o
 .debug_macro   0x00000bb6      0x25f ./MCAL/GPIO/GPIO_Program.o
 .debug_macro   0x00000e15      0x1ba ./MCAL/SYSTCK/SYSTICK_program.o
 .debug_macro   0x00000fcf       0x10 ./MCAL/SYSTCK/SYSTICK_program.o
 .debug_macro   0x00000fdf       0x22 ./MCAL/SYSTCK/SYSTICK_program.o
 .debug_macro   0x00001001       0x8e ./MCAL/SYSTCK/SYSTICK_program.o
 .debug_macro   0x0000108f       0x51 ./MCAL/SYSTCK/SYSTICK_program.o
 .debug_macro   0x000010e0      0x103 ./MCAL/SYSTCK/SYSTICK_program.o
 .debug_macro   0x000011e3       0x6a ./MCAL/SYSTCK/SYSTICK_program.o
 .debug_macro   0x0000124d      0x1df ./MCAL/SYSTCK/SYSTICK_program.o
 .debug_macro   0x0000142c       0x61 ./MCAL/SYSTCK/SYSTICK_program.o
 .debug_macro   0x0000148d       0x24 ./MCAL/SYSTCK/SYSTICK_program.o
 .debug_macro   0x000014b1       0x43 ./MCAL/SYSTCK/SYSTICK_program.o
 .debug_macro   0x000014f4       0x34 ./MCAL/SYSTCK/SYSTICK_program.o
 .debug_macro   0x00001528       0x16 ./MCAL/SYSTCK/SYSTICK_program.o
 .debug_macro   0x0000153e       0x9e ./MCAL/SYSTCK/SYSTICK_program.o
 .debug_macro   0x000015dc      0x369 ./MCAL/SYSTCK/SYSTICK_program.o
 .debug_macro   0x00001945      0x10b ./MCAL/SYSTCK/SYSTICK_program.o
 .debug_macro   0x00001a50       0x10 ./MCAL/SYSTCK/SYSTICK_program.o
 .debug_macro   0x00001a60       0x16 ./MCAL/SYSTCK/SYSTICK_program.o
 .debug_macro   0x00001a76       0x43 ./MCAL/SYSTCK/SYSTICK_program.o
 .debug_macro   0x00001ab9       0x34 ./MCAL/SYSTCK/SYSTICK_program.o
 .debug_macro   0x00001aed       0x10 ./MCAL/SYSTCK/SYSTICK_program.o
 .debug_macro   0x00001afd       0x58 ./MCAL/SYSTCK/SYSTICK_program.o
 .debug_macro   0x00001b55       0x8e ./MCAL/SYSTCK/SYSTICK_program.o
 .debug_macro   0x00001be3       0x1c ./MCAL/SYSTCK/SYSTICK_program.o
 .debug_macro   0x00001bff      0x177 ./MCAL/SYSTCK/SYSTICK_program.o
 .debug_macro   0x00001d76       0x16 ./MCAL/SYSTCK/SYSTICK_program.o
 .debug_macro   0x00001d8c       0x16 ./MCAL/SYSTCK/SYSTICK_program.o
 .debug_macro   0x00001da2      0x146 ./MCAL/SYSTCK/SYSTICK_program.o
 .debug_macro   0x00001ee8       0x58 ./MCAL/SYSTCK/SYSTICK_program.o
 .debug_macro   0x00001f40       0x22 ./MCAL/SYSTCK/SYSTICK_program.o
 .debug_macro   0x00001f62      0x1b1 ./OS/Kernel_program.o
 .debug_macro   0x00002113      0x1b1 ./Src/main.o

.debug_line     0x00000000     0x2085
 .debug_line    0x00000000      0x807 ./MCAL/GPIO/GPIO_Program.o
 .debug_line    0x00000807      0x7fb ./MCAL/SYSTCK/SYSTICK_program.o
 .debug_line    0x00001002      0x8ee ./OS/Kernel_program.o
 .debug_line    0x000018f0      0x711 ./Src/main.o
 .debug_line    0x00002001       0x84 ./Startup/startup_stm32f446retx.o

.debug_str      0x00000000     0x8ef9
 .debug_str     0x00000000     0x3f8a ./MCAL/GPIO/GPIO_Program.o
                               0x4025 (size before relaxing)
 .debug_str     0x00003f8a     0x4cd4 ./MCAL/SYSTCK/SYSTICK_program.o
                               0x8aba (size before relaxing)
 .debug_str     0x00008c5e      0x21d ./OS/Kernel_program.o
                               0x8ab7 (size before relaxing)
 .debug_str     0x00008e7b       0x3f ./Src/main.o
                               0x8b05 (size before relaxing)
 .debug_str     0x00008eba       0x3f ./Startup/startup_stm32f446retx.o
                                 0x80 (size before relaxing)

.comment        0x00000000       0x43
 .comment       0x00000000       0x43 ./MCAL/GPIO/GPIO_Program.o
                                 0x44 (size before relaxing)
 .comment       0x00000043       0x44 ./MCAL/SYSTCK/SYSTICK_program.o
 .comment       0x00000043       0x44 ./OS/Kernel_program.o
 .comment       0x00000043       0x44 ./Src/main.o

.debug_frame    0x00000000      0x474
 .debug_frame   0x00000000       0xb0 ./MCAL/GPIO/GPIO_Program.o
 .debug_frame   0x000000b0      0x174 ./MCAL/SYSTCK/SYSTICK_program.o
 .debug_frame   0x00000224      0x1a8 ./OS/Kernel_program.o
 .debug_frame   0x000003cc       0x7c ./Src/main.o
 .debug_frame   0x00000448       0x2c O:/01. Programs/stm32cubeide/STM32CubeIDE_1.16.1/STM32CubeIDE/plugins/com.st.stm32cube.ide.mcu.externaltools.gnu-tools-for-stm32.12.3.rel1.win32_1.0.200.202406191623/tools/bin/../lib/gcc/arm-none-eabi/12.3.1/../../../../arm-none-eabi/lib/thumb/v7e-m/nofp\libc_nano.a(libc_a-init.o)
