Archive member included to satisfy reference by file (symbol)

O:/01. Programs/stm32cubeide/STM32CubeIDE_1.16.1/STM32CubeIDE/plugins/com.st.stm32cube.ide.mcu.externaltools.gnu-tools-for-stm32.12.3.rel1.win32_1.0.200.202406191623/tools/bin/../lib/gcc/arm-none-eabi/12.3.1/../../../../arm-none-eabi/lib/thumb/v7e-m/nofp\libc_nano.a(libc_a-exit.o)
                              O:/01. Programs/stm32cubeide/STM32CubeIDE_1.16.1/STM32CubeIDE/plugins/com.st.stm32cube.ide.mcu.externaltools.gnu-tools-for-stm32.12.3.rel1.win32_1.0.200.202406191623/tools/bin/../lib/gcc/arm-none-eabi/12.3.1/../../../../arm-none-eabi/lib/thumb/v7e-m/nofp/crt0.o (exit)
O:/01. Programs/stm32cubeide/STM32CubeIDE_1.16.1/STM32CubeIDE/plugins/com.st.stm32cube.ide.mcu.externaltools.gnu-tools-for-stm32.12.3.rel1.win32_1.0.200.202406191623/tools/bin/../lib/gcc/arm-none-eabi/12.3.1/../../../../arm-none-eabi/lib/thumb/v7e-m/nofp\libc_nano.a(libc_a-findfp.o)
                              O:/01. Programs/stm32cubeide/STM32CubeIDE_1.16.1/STM32CubeIDE/plugins/com.st.stm32cube.ide.mcu.externaltools.gnu-tools-for-stm32.12.3.rel1.win32_1.0.200.202406191623/tools/bin/../lib/gcc/arm-none-eabi/12.3.1/../../../../arm-none-eabi/lib/thumb/v7e-m/nofp\libc_nano.a(libc_a-exit.o) (__stdio_exit_handler)
O:/01. Programs/stm32cubeide/STM32CubeIDE_1.16.1/STM32CubeIDE/plugins/com.st.stm32cube.ide.mcu.externaltools.gnu-tools-for-stm32.12.3.rel1.win32_1.0.200.202406191623/tools/bin/../lib/gcc/arm-none-eabi/12.3.1/../../../../arm-none-eabi/lib/thumb/v7e-m/nofp\libc_nano.a(libc_a-fwalk.o)
                              O:/01. Programs/stm32cubeide/STM32CubeIDE_1.16.1/STM32CubeIDE/plugins/com.st.stm32cube.ide.mcu.externaltools.gnu-tools-for-stm32.12.3.rel1.win32_1.0.200.202406191623/tools/bin/../lib/gcc/arm-none-eabi/12.3.1/../../../../arm-none-eabi/lib/thumb/v7e-m/nofp\libc_nano.a(libc_a-findfp.o) (_fwalk_sglue)
O:/01. Programs/stm32cubeide/STM32CubeIDE_1.16.1/STM32CubeIDE/plugins/com.st.stm32cube.ide.mcu.externaltools.gnu-tools-for-stm32.12.3.rel1.win32_1.0.200.202406191623/tools/bin/../lib/gcc/arm-none-eabi/12.3.1/../../../../arm-none-eabi/lib/thumb/v7e-m/nofp\libc_nano.a(libc_a-stdio.o)
                              O:/01. Programs/stm32cubeide/STM32CubeIDE_1.16.1/STM32CubeIDE/plugins/com.st.stm32cube.ide.mcu.externaltools.gnu-tools-for-stm32.12.3.rel1.win32_1.0.200.202406191623/tools/bin/../lib/gcc/arm-none-eabi/12.3.1/../../../../arm-none-eabi/lib/thumb/v7e-m/nofp\libc_nano.a(libc_a-findfp.o) (__sread)
O:/01. Programs/stm32cubeide/STM32CubeIDE_1.16.1/STM32CubeIDE/plugins/com.st.stm32cube.ide.mcu.externaltools.gnu-tools-for-stm32.12.3.rel1.win32_1.0.200.202406191623/tools/bin/../lib/gcc/arm-none-eabi/12.3.1/../../../../arm-none-eabi/lib/thumb/v7e-m/nofp\libc_nano.a(libc_a-memset.o)
                              O:/01. Programs/stm32cubeide/STM32CubeIDE_1.16.1/STM32CubeIDE/plugins/com.st.stm32cube.ide.mcu.externaltools.gnu-tools-for-stm32.12.3.rel1.win32_1.0.200.202406191623/tools/bin/../lib/gcc/arm-none-eabi/12.3.1/../../../../arm-none-eabi/lib/thumb/v7e-m/nofp/crt0.o (memset)
O:/01. Programs/stm32cubeide/STM32CubeIDE_1.16.1/STM32CubeIDE/plugins/com.st.stm32cube.ide.mcu.externaltools.gnu-tools-for-stm32.12.3.rel1.win32_1.0.200.202406191623/tools/bin/../lib/gcc/arm-none-eabi/12.3.1/../../../../arm-none-eabi/lib/thumb/v7e-m/nofp\libc_nano.a(libc_a-closer.o)
                              O:/01. Programs/stm32cubeide/STM32CubeIDE_1.16.1/STM32CubeIDE/plugins/com.st.stm32cube.ide.mcu.externaltools.gnu-tools-for-stm32.12.3.rel1.win32_1.0.200.202406191623/tools/bin/../lib/gcc/arm-none-eabi/12.3.1/../../../../arm-none-eabi/lib/thumb/v7e-m/nofp\libc_nano.a(libc_a-stdio.o) (_close_r)
O:/01. Programs/stm32cubeide/STM32CubeIDE_1.16.1/STM32CubeIDE/plugins/com.st.stm32cube.ide.mcu.externaltools.gnu-tools-for-stm32.12.3.rel1.win32_1.0.200.202406191623/tools/bin/../lib/gcc/arm-none-eabi/12.3.1/../../../../arm-none-eabi/lib/thumb/v7e-m/nofp\libc_nano.a(libc_a-reent.o)
                              O:/01. Programs/stm32cubeide/STM32CubeIDE_1.16.1/STM32CubeIDE/plugins/com.st.stm32cube.ide.mcu.externaltools.gnu-tools-for-stm32.12.3.rel1.win32_1.0.200.202406191623/tools/bin/../lib/gcc/arm-none-eabi/12.3.1/../../../../arm-none-eabi/lib/thumb/v7e-m/nofp\libc_nano.a(libc_a-closer.o) (errno)
O:/01. Programs/stm32cubeide/STM32CubeIDE_1.16.1/STM32CubeIDE/plugins/com.st.stm32cube.ide.mcu.externaltools.gnu-tools-for-stm32.12.3.rel1.win32_1.0.200.202406191623/tools/bin/../lib/gcc/arm-none-eabi/12.3.1/../../../../arm-none-eabi/lib/thumb/v7e-m/nofp\libc_nano.a(libc_a-impure.o)
                              O:/01. Programs/stm32cubeide/STM32CubeIDE_1.16.1/STM32CubeIDE/plugins/com.st.stm32cube.ide.mcu.externaltools.gnu-tools-for-stm32.12.3.rel1.win32_1.0.200.202406191623/tools/bin/../lib/gcc/arm-none-eabi/12.3.1/../../../../arm-none-eabi/lib/thumb/v7e-m/nofp\libc_nano.a(libc_a-reent.o) (_impure_ptr)
[...]
Memory Configuration

Name             Origin             Length             Attributes
RAM              0x20000000         0x00020000         xrw
FLASH            0x08000000         0x00080000         xr
*default*        0x00000000         0xffffffff

Linker script and memory map

LOAD O:/01. Programs/stm32cubeide/STM32CubeIDE_1.16.1/STM32CubeIDE/plugins/com.st.stm32cube.ide.mcu.externaltools.gnu-tools-for-stm32.12.3.rel1.win32_1.0.200.202406191623/tools/bin/../lib/gcc/arm-none-eabi/12.3.1/thumb/v7e-m/nofp/crti.o
LOAD O:/01. Programs/stm32cubeide/STM32CubeIDE_1.16.1/STM32CubeIDE/plugins/com.st.stm32cube.ide.mcu.externaltools.gnu-tools-for-stm32.12.3.rel1.win32_1.0.200.202406191623/tools/bin/../lib/gcc/arm-none-eabi/12.3.1/thumb/v7e-m/nofp/crtbegin.o
LOAD O:/01. Programs/stm32cubeide/STM32CubeIDE_1.16.1/STM32CubeIDE/plugins/com.st.stm32cube.ide.mcu.externaltools.gnu-tools-for-stm32.12.3.rel1.win32_1.0.200.202406191623/tools/bin/../lib/gcc/arm-none-eabi/12.3.1/../../../../arm-none-eabi/lib/thumb/v7e-m/nofp/crt0.o
LOAD ./MCAL/GPIO/GPIO_Program.o
LOAD ./MCAL/SYSTCK/SYSTICK_program.o
LOAD ./OS/Kernel_program.o
LOAD ./Src/main.o
LOAD ./Src/syscalls.o
LOAD ./Src/sysmem.o
LOAD ./Startup/startup_stm32f446retx.o
START GROUP
LOAD O:/01. Programs/stm32cubeide/STM32CubeIDE_1.16.1/STM32CubeIDE/plugins/com.st.stm32cube.ide.mcu.externaltools.gnu-tools-for-stm32.12.3.rel1.win32_1.0.200.202406191623/tools/bin/../lib/gcc/arm-none-eabi/12.3.1/../../../../arm-none-eabi/lib/thumb/v7e-m/nofp\libc_nano.a
LOAD O:/01. Programs/stm32cubeide/STM32CubeIDE_1.16.1/STM32CubeIDE/plugins/com.st.stm32cube.ide.mcu.externaltools.gnu-tools-for-stm32.12.3.rel1.win32_1.0.200.202406191623/tools/bin/../lib/gcc/arm-none-eabi/12.3.1/../../../../arm-none-eabi/lib/thumb/v7e-m/nofp\libm.a
END GROUP
START GROUP
LOAD O:/01. Programs/stm32cubeide/STM32CubeIDE_1.16.1/STM32CubeIDE/plugins/com.st.stm32cube.ide.mcu.externaltools.gnu-tools-for-stm32.12.3.rel1.win32_1.0.200.202406191623/tools/bin/../lib/gcc/arm-none-eabi/12.3.1/thumb/v7e-m/nofp\libgcc.a
LOAD O:/01. Programs/stm32cubeide/STM32CubeIDE_1.16.1/STM32CubeIDE/plugins/com.st.stm32cube.ide.mcu.externaltools.gnu-tools-for-stm32.12.3.rel1.win32_1.0.200.202406191623/tools/bin/../lib/gcc/arm-none-eabi/12.3.1/../../../../arm-none-eabi/lib/thumb/v7e-m/nofp\libg_nano.a
LOAD O:/01. Programs/stm32cubeide/STM32CubeIDE_1.16.1/STM32CubeIDE/plugins/com.st.stm32cube.ide.mcu.externaltools.gnu-tools-for-stm32.12.3.rel1.win32_1.0.200.202406191623/tools/bin/../lib/gcc/arm-none-eabi/12.3.1/../../../../arm-none-eabi/lib/thumb/v7e-m/nofp\libc_nano.a
END GROUP
START GROUP
LOAD O:/01. Programs/stm32cubeide/STM32CubeIDE_1.16.1/STM32CubeIDE/plugins/com.st.stm32cube.ide.mcu.externaltools.gnu-tools-for-stm32.12.3.rel1.win32_1.0.200.202406191623/tools/bin/../lib/gcc/arm-none-eabi/12.3.1/thumb/v7e-m/nofp\libgcc.a
LOAD O:/01. Programs/stm32cubeide/STM32CubeIDE_1.16.1/STM32CubeIDE/plugins/com.st.stm32cube.ide.mcu.externaltools.gnu-tools-for-stm32.12.3.rel1.win32_1.0.200.202406191623/tools/bin/../lib/gcc/arm-none-eabi/12.3.1/../../../../arm-none-eabi/lib/thumb/v7e-m/nofp\libc_nano.a
LOAD O:/01. Programs/stm32cubeide/STM32CubeIDE_1.16.1/STM32CubeIDE/plugins/com.st.stm32cube.ide.mcu.externaltools.gnu-tools-for-stm32.12.3.rel1.win32_1.0.200.202406191623/tools/bin/../lib/gcc/arm-none-eabi/12.3.1/../../../../arm-none-eabi/lib/thumb/v7e-m/nofp\libnosys.a
END GROUP
START GROUP
LOAD O:/01. Programs/stm32cubeide/STM32CubeIDE_1.16.1/STM32CubeIDE/plugins/com.st.stm32cube.ide.mcu.externaltools.gnu-tools-for-stm32.12.3.rel1.win32_1.0.200.202406191623/tools/bin/../lib/gcc/arm-none-eabi/12.3.1/thumb/v7e-m/nofp\libgcc.a
LOAD O:/01. Programs/stm32cubeide/STM32CubeIDE_1.16.1/STM32CubeIDE/plugins/com.st.stm32cube.ide.mcu.externaltools.gnu-tools-for-stm32.12.3.rel1.win32_1.0.200.202406191623/tools/bin/../lib/gcc/arm-none-eabi/12.3.1/../../../../arm-none-eabi/lib/thumb/v7e-m/nofp\libc_nano.a
LOAD O:/01. Programs/stm32cubeide/STM32CubeIDE_1.16.1/STM32CubeIDE/plugins/com.st.stm32cube.ide.mcu.externaltools.gnu-tools-for-stm32.12.3.rel1.win32_1.0.200.202406191623/tools/bin/../lib/gcc/arm-none-eabi/12.3.1/../../../../arm-none-eabi/lib/thumb/v7e-m/nofp\libnosys.a
END GROUP
LOAD O:/01. Programs/stm32cubeide/STM32CubeIDE_1.16.1/STM32CubeIDE/plugins/com.st.stm32cube.ide.mcu.externaltools.gnu-tools-for-stm32.12.3.rel1.win32_1.0.200.202406191623/tools/bin/../lib/gcc/arm-none-eabi/12.3.1/thumb/v7e-m/nofp/crtend.o
LOAD O:/01. Programs/stm32cubeide/STM32CubeIDE_1.16.1/STM32CubeIDE/plugins/com.st.stm32cube.ide.mcu.externaltools.gnu-tools-for-stm32.12.3.rel1.win32_1.0.200.202406191623/tools/bin/../lib/gcc/arm-none-eabi/12.3.1/thumb/v7e-m/nofp/crtn.o
                0x20020000                        _estack = (ORIGIN (RAM) + LENGTH (RAM))
                0x00000200                        _Min_Heap_Size = 0x200
                0x00000400                        _Min_Stack_Size = 0x400

.isr_vector     0x08000000      0x1c4
                0x08000000                        . = ALIGN (0x4)
 *(.isr_vector)
 .isr_vector    0x08000000      0x1c4 ./Startup/startup_stm32f446retx.o
                0x08000000                g_pfnVectors
                0x080001c4                        . = ALIGN (0x4)

.text           0x080001c4      0xcb4
                0x080001c4                        . = ALIGN (0x4)
 *(.text)
 .text          0x080001c4       0x40 O:/01. Programs/stm32cubeide/STM32CubeIDE_1.16.1/STM32CubeIDE/plugins/com.st.stm32cube.ide.mcu.externaltools.gnu-tools-for-stm32.12.3.rel1.win32_1.0.200.202406191623/tools/bin/../lib/gcc/arm-none-eabi/12.3.1/thumb/v7e-m/nofp/crtbegin.o
 *(.text*)
 .text.GPIO_u8PinInit
                0x08000204      0x7f8 ./MCAL/GPIO/GPIO_Program.o
                0x08000204                GPIO_u8PinInit
 .text.GPIO_u8SetPinValue
                0x080009fc       0xf8 ./MCAL/GPIO/GPIO_Program.o
                0x080009fc                GPIO_u8SetPinValue
 .text.SYSTICK_Init
                0x08000af4       0x50 ./MCAL/SYSTCK/SYSTICK_program.o
                0x08000af4                SYSTICK_Init
 .text.SysTick_Handler
                0x08000b44       0x48 ./MCAL/SYSTCK/SYSTICK_program.o
                0x08000b44                SysTick_Handler
 .text.UpdateNextTask
                0x08000b8c       0x2c ./OS/Kernel_program.o
                0x08000b8c                UpdateNextTask
 .text.Stack_InitScheduler_Stack
                0x08000bb8        0x8 ./OS/Kernel_program.o
                0x08000bb8                Stack_InitScheduler_Stack
 .text.GetCurrent_PSP_value
                0x08000bc0       0x20 ./OS/Kernel_program.o
                0x08000bc0                GetCurrent_PSP_value
 .text.ChangeToPSP
                0x08000be0       0x1a ./OS/Kernel_program.o
                0x08000be0                ChangeToPSP
 *fill*         0x08000bfa        0x2 
 .text.Stack_InitTasks_Stack
                0x08000bfc       0xa4 ./OS/Kernel_program.o
                0x08000bfc                Stack_InitTasks_Stack
 .text.Enable_FaultException
                0x08000ca0       0x38 ./OS/Kernel_program.o
                0x08000ca0                Enable_FaultException
 .text.SavePSP_Value
                0x08000cd8       0x28 ./OS/Kernel_program.o
                0x08000cd8                SavePSP_Value
 .text.MemManage_Handler
                0x08000d00        0x8 ./OS/Kernel_program.o
                0x08000d00                MemManage_Handler
 .text.BusFault_Handler
                0x08000d08        0x8 ./OS/Kernel_program.o
                0x08000d08                BusFault_Handler
 .text.UsageFault_Handler
                0x08000d10        0x8 ./OS/Kernel_program.o
                0x08000d10                UsageFault_Handler
 .text.main     0x08000d18       0x3c ./Src/main.o
                0x08000d18                main
 .text.Task1_Handler
                0x08000d54       0x1c ./Src/main.o
                0x08000d54                Task1_Handler
 .text.Task2_Handler
                0x08000d70       0x1c ./Src/main.o
                0x08000d70                Task2_Handler
 .text.Task3_Handler
                0x08000d8c       0x1c ./Src/main.o
                0x08000d8c                Task3_Handler
 .text.Task4_Handler
                0x08000da8       0x1c ./Src/main.o
                0x08000da8                Task4_Handler
 .text.Reset_Handler
                0x08000dc4       0x50 ./Startup/startup_stm32f446retx.o
                0x08000dc4                Reset_Handler
 .text.Default_Handler
                0x08000e14        0x2 ./Startup/startup_stm32f446retx.o
                0x08000e14                RTC_Alarm_IRQHandler
                0x08000e14                EXTI2_IRQHandler
                0x08000e14                TIM8_CC_IRQHandler
                0x08000e14                SPDIF_Rx_IRQHandler
                0x08000e14                DebugMon_Handler
                0x08000e14                SPI4_IRQHandler
                0x08000e14                TIM1_CC_IRQHandler
                0x08000e14                QuadSPI_IRQHandler
                0x08000e14                DMA2_Stream5_IRQHandler
                0x08000e14                HardFault_Handler
                0x08000e14                DMA1_Stream5_IRQHandler
                0x08000e14                PVD_IRQHandler
                0x08000e14                SDIO_IRQHandler
                0x08000e14                TAMP_STAMP_IRQHandler
                0x08000e14                PendSV_Handler
                0x08000e14                NMI_Handler
                0x08000e14                CAN2_RX1_IRQHandler
                0x08000e14                EXTI3_IRQHandler
                0x08000e14                TIM8_TRG_COM_TIM14_IRQHandler
                0x08000e14                TIM1_UP_TIM10_IRQHandler
                0x08000e14                FMPI2C1_error_IRQHandler
                0x08000e14                TIM8_UP_TIM13_IRQHandler
                0x08000e14                I2C3_ER_IRQHandler
                0x08000e14                EXTI0_IRQHandler
                0x08000e14                I2C2_EV_IRQHandler
                0x08000e14                DMA1_Stream2_IRQHandler
                0x08000e14                CAN1_RX0_IRQHandler
                0x08000e14                OTG_HS_WKUP_IRQHandler
                0x08000e14                CAN2_SCE_IRQHandler
                0x08000e14                DMA2_Stream2_IRQHandler
                0x08000e14                SPI1_IRQHandler
                0x08000e14                TIM6_DAC_IRQHandler
                0x08000e14                TIM1_BRK_TIM9_IRQHandler
                0x08000e14                DCMI_IRQHandler
                0x08000e14                CAN2_RX0_IRQHandler
                0x08000e14                DMA2_Stream3_IRQHandler
                0x08000e14                FMPI2C1_IRQHandler
                0x08000e14                SAI2_IRQHandler
                0x08000e14                USART6_IRQHandler
                0x08000e14                USART3_IRQHandler
                0x08000e14                CAN1_RX1_IRQHandler
                0x08000e14                UART5_IRQHandler
                0x08000e14                DMA2_Stream0_IRQHandler
                0x08000e14                TIM4_IRQHandler
                0x08000e14                I2C1_EV_IRQHandler
                0x08000e14                HDMI_CEC_IRQHandler
                0x08000e14                DMA1_Stream6_IRQHandler
                0x08000e14                DMA1_Stream1_IRQHandler
                0x08000e14                UART4_IRQHandler
                0x08000e14                TIM3_IRQHandler
                0x08000e14                RCC_IRQHandler
                0x08000e14                TIM8_BRK_TIM12_IRQHandler
                0x08000e14                Default_Handler
                0x08000e14                EXTI15_10_IRQHandler
                0x08000e14                ADC_IRQHandler
                0x08000e14                DMA1_Stream7_IRQHandler
                0x08000e14                TIM7_IRQHandler
                0x08000e14                CAN2_TX_IRQHandler
                0x08000e14                TIM5_IRQHandler
                0x08000e14                DMA2_Stream7_IRQHandler
                0x08000e14                I2C3_EV_IRQHandler
                0x08000e14                EXTI9_5_IRQHandler
                0x08000e14                RTC_WKUP_IRQHandler
                0x08000e14                SPI2_IRQHandler
                0x08000e14                OTG_HS_EP1_IN_IRQHandler
                0x08000e14                DMA1_Stream0_IRQHandler
                0x08000e14                CAN1_TX_IRQHandler
                0x08000e14                SVC_Handler
                0x08000e14                EXTI4_IRQHandler
                0x08000e14                OTG_HS_EP1_OUT_IRQHandler
                0x08000e14                WWDG_IRQHandler
                0x08000e14                TIM2_IRQHandler
                0x08000e14                OTG_FS_WKUP_IRQHandler
                0x08000e14                TIM1_TRG_COM_TIM11_IRQHandler
                0x08000e14                OTG_HS_IRQHandler
                0x08000e14                EXTI1_IRQHandler
                0x08000e14                USART2_IRQHandler
                0x08000e14                I2C2_ER_IRQHandler
                0x08000e14                DMA2_Stream1_IRQHandler
                0x08000e14                CAN1_SCE_IRQHandler
                0x08000e14                FLASH_IRQHandler
                0x08000e14                DMA2_Stream4_IRQHandler
                0x08000e14                USART1_IRQHandler
                0x08000e14                OTG_FS_IRQHandler
                0x08000e14                SPI3_IRQHandler
                0x08000e14                DMA1_Stream4_IRQHandler
                0x08000e14                I2C1_ER_IRQHandler
                0x08000e14                FMC_IRQHandler
                0x08000e14                DMA2_Stream6_IRQHandler
                0x08000e14                SAI1_IRQHandler
                0x08000e14                DMA1_Stream3_IRQHandler
 *fill*         0x08000e16        0x2 
 .text.__libc_init_array
                0x08000e18       0x48 O:/01. Programs/stm32cubeide/STM32CubeIDE_1.16.1/STM32CubeIDE/plugins/com.st.stm32cube.ide.mcu.externaltools.gnu-tools-for-stm32.12.3.rel1.win32_1.0.200.202406191623/tools/bin/../lib/gcc/arm-none-eabi/12.3.1/../../../../arm-none-eabi/lib/thumb/v7e-m/nofp\libc_nano.a(libc_a-init.o)
                0x08000e18                __libc_init_array
 *(.glue_7)
 .glue_7        0x08000e60        0x0 linker stubs
 *(.glue_7t)
 .glue_7t       0x08000e60        0x0 linker stubs
 *(.eh_frame)
 .eh_frame      0x08000e60        0x0 O:/01. Programs/stm32cubeide/STM32CubeIDE_1.16.1/STM32CubeIDE/plugins/com.st.stm32cube.ide.mcu.externaltools.gnu-tools-for-stm32.12.3.rel1.win32_1.0.200.202406191623/tools/bin/../lib/gcc/arm-none-eabi/12.3.1/thumb/v7e-m/nofp/crtbegin.o
 *(.init)
 .init          0x08000e60        0x4 O:/01. Programs/stm32cubeide/STM32CubeIDE_1.16.1/STM32CubeIDE/plugins/com.st.stm32cube.ide.mcu.externaltools.gnu-tools-for-stm32.12.3.rel1.win32_1.0.200.202406191623/tools/bin/../lib/gcc/arm-none-eabi/12.3.1/thumb/v7e-m/nofp/crti.o
                0x08000e60                _init
 .init          0x08000e64        0x8 O:/01. Programs/stm32cubeide/STM32CubeIDE_1.16.1/STM32CubeIDE/plugins/com.st.stm32cube.ide.mcu.externaltools.gnu-tools-for-stm32.12.3.rel1.win32_1.0.200.202406191623/tools/bin/../lib/gcc/arm-none-eabi/12.3.1/thumb/v7e-m/nofp/crtn.o
 *(.fini)
 .fini          0x08000e6c        0x4 O:/01. Programs/stm32cubeide/STM32CubeIDE_1.16.1/STM32CubeIDE/plugins/com.st.stm32cube.ide.mcu.externaltools.gnu-tools-for-stm32.12.3.rel1.win32_1.0.200.202406191623/tools/bin/../lib/gcc/arm-none-eabi/12.3.1/thumb/v7e-m/nofp/crti.o
                0x08000e6c                _fini
 .fini          0x08000e70        0x8 O:/01. Programs/stm32cubeide/STM32CubeIDE_1.16.1/STM32CubeIDE/plugins/com.st.stm32cube.ide.mcu.externaltools.gnu-tools-for-stm32.12.3.rel1.win32_1.0.200.202406191623/tools/bin/../lib/gcc/arm-none-eabi/12.3.1/thumb/v7e-m/nofp/crtn.o
                0x08000e78                        . = ALIGN (0x4)
                0x08000e78                        _etext = .

.vfp11_veneer   0x08000e78        0x0
 .vfp11_veneer  0x08000e78        0x0 linker stubs

.v4_bx          0x08000e78        0x0
 .v4_bx         0x08000e78        0x0 linker stubs

.iplt           0x08000e78        0x0
 .iplt          0x08000e78        0x0 O:/01. Programs/stm32cubeide/STM32CubeIDE_1.16.1/STM32CubeIDE/plugins/com.st.stm32cube.ide.mcu.externaltools.gnu-tools-for-stm32.12.3.rel1.win32_1.0.200.202406191623/tools/bin/../lib/gcc/arm-none-eabi/12.3.1/thumb/v7e-m/nofp/crtbegin.o

.rodata         0x08000e78       0x10
                0x08000e78                        . = ALIGN (0x4)
 *(.rodata)
 .rodata        0x08000e78       0x10 ./OS/Kernel_program.o
 *(.rodata*)
                0x08000e88                        . = ALIGN (0x4)

.ARM.extab      0x08000e88        0x0
                0x08000e88                        . = ALIGN (0x4)
 *(.ARM.extab* .gnu.linkonce.armextab.*)
                0x08000e88                        . = ALIGN (0x4)

.ARM            0x08000e88        0x0
                0x08000e88                        . = ALIGN (0x4)
                0x08000e88                        __exidx_start = .
 *(.ARM.exidx*)
                0x08000e88                        __exidx_end = .
                0x08000e88                        . = ALIGN (0x4)

.preinit_array  0x08000e88        0x0
                0x08000e88                        . = ALIGN (0x4)
                0x08000e88                        PROVIDE (__preinit_array_start = .)
 *(.preinit_array*)
                0x08000e88                        PROVIDE (__preinit_array_end = .)
                0x08000e88                        . = ALIGN (0x4)

.init_array     0x08000e88        0x4
                0x08000e88                        . = ALIGN (0x4)
                0x08000e88                        PROVIDE (__init_array_start = .)
 *(SORT_BY_NAME(.init_array.*))
 *(.init_array*)
 .init_array    0x08000e88        0x4 O:/01. Programs/stm32cubeide/STM32CubeIDE_1.16.1/STM32CubeIDE/plugins/com.st.stm32cube.ide.mcu.externaltools.gnu-tools-for-stm32.12.3.rel1.win32_1.0.200.202406191623/tools/bin/../lib/gcc/arm-none-eabi/12.3.1/thumb/v7e-m/nofp/crtbegin.o
                0x08000e8c                        PROVIDE (__init_array_end = .)
                0x08000e8c                        . = ALIGN (0x4)

.fini_array     0x08000e8c        0x4
                0x08000e8c                        . = ALIGN (0x4)
                [!provide]                        PROVIDE (__fini_array_start = .)
 *(SORT_BY_NAME(.fini_array.*))
 *(.fini_array*)
 .fini_array    0x08000e8c        0x4 O:/01. Programs/stm32cubeide/STM32CubeIDE_1.16.1/STM32CubeIDE/plugins/com.st.stm32cube.ide.mcu.externaltools.gnu-tools-for-stm32.12.3.rel1.win32_1.0.200.202406191623/tools/bin/../lib/gcc/arm-none-eabi/12.3.1/thumb/v7e-m/nofp/crtbegin.o
                [!provide]                        PROVIDE (__fini_array_end = .)
                0x08000e90                        . = ALIGN (0x4)
                0x08000e90                        _sidata = LOADADDR (.data)

.rel.dyn        0x08000e90        0x0
 .rel.iplt      0x08000e90        0x0 O:/01. Programs/stm32cubeide/STM32CubeIDE_1.16.1/STM32CubeIDE/plugins/com.st.stm32cube.ide.mcu.externaltools.gnu-tools-for-stm32.12.3.rel1.win32_1.0.200.202406191623/tools/bin/../lib/gcc/arm-none-eabi/12.3.1/thumb/v7e-m/nofp/crtbegin.o

.data           0x20000000       0x18 load address 0x08000e90
                0x20000000                        . = ALIGN (0x4)
                0x20000000                        _sdata = .
 *(.data)
 *(.data*)
 .data.BUILT_IN_LED
                0x20000000        0x7 ./MCAL/GPIO/GPIO_Program.o
                0x20000000                BUILT_IN_LED
 *fill*         0x20000007        0x1 
 .data.Task_PSP
                0x20000008       0x10 ./OS/Kernel_program.o
                0x20000008                Task_PSP
 *(.RamFunc)
 *(.RamFunc*)
                0x20000018                        . = ALIGN (0x4)
                0x20000018                        _edata = .

.igot.plt       0x20000018        0x0 load address 0x08000ea8
 .igot.plt      0x20000018        0x0 O:/01. Programs/stm32cubeide/STM32CubeIDE_1.16.1/STM32CubeIDE/plugins/com.st.stm32cube.ide.mcu.externaltools.gnu-tools-for-stm32.12.3.rel1.win32_1.0.200.202406191623/tools/bin/../lib/gcc/arm-none-eabi/12.3.1/thumb/v7e-m/nofp/crtbegin.o
                0x20000018                        . = ALIGN (0x4)

.bss            0x20000018       0x28 load address 0x08000ea8
                0x20000018                        _sbss = .
                0x20000018                        __bss_start__ = _sbss
 *(.bss)
 .bss           0x20000018       0x1c O:/01. Programs/stm32cubeide/STM32CubeIDE_1.16.1/STM32CubeIDE/plugins/com.st.stm32cube.ide.mcu.externaltools.gnu-tools-for-stm32.12.3.rel1.win32_1.0.200.202406191623/tools/bin/../lib/gcc/arm-none-eabi/12.3.1/thumb/v7e-m/nofp/crtbegin.o
 *(.bss*)
 .bss.uwTick    0x20000034        0x4 ./MCAL/SYSTCK/SYSTICK_program.o
 .bss.Global_Current_Task
                0x20000038        0x1 ./OS/Kernel_program.o
                0x20000038                Global_Current_Task
 .bss.Os_Tick   0x20000039        0x1 ./Src/main.o
                0x20000039                Os_Tick
 .bss.task1_Tick
                0x2000003a        0x1 ./Src/main.o
                0x2000003a                task1_Tick
 .bss.task2_Tick
                0x2000003b        0x1 ./Src/main.o
                0x2000003b                task2_Tick
 .bss.task3_Tick
                0x2000003c        0x1 ./Src/main.o
                0x2000003c                task3_Tick
 .bss.task4_Tick
                0x2000003d        0x1 ./Src/main.o
                0x2000003d                task4_Tick
 *(COMMON)
                0x20000040                        . = ALIGN (0x4)
 *fill*         0x2000003e        0x2 
                0x20000040                        _ebss = .
                0x20000040                        __bss_end__ = _ebss

._user_heap_stack
                0x20000040      0x600 load address 0x08000ea8
                0x20000040                        . = ALIGN (0x8)
                [!provide]                        PROVIDE (end = .)
                0x20000040                        PROVIDE (_end = .)
                0x20000240                        . = (. + _Min_Heap_Size)
 *fill*         0x20000040      0x200 
                0x20000640                        . = (. + _Min_Stack_Size)
 *fill*         0x20000240      0x400 
                0x20000640                        . = ALIGN (0x8)

/DISCARD/
 libc.a(*)
 libm.a(*)
 libgcc.a(*)

.ARM.attributes
                0x00000000       0x2a
 *(.ARM.attributes)
 .ARM.attributes
                0x00000000       0x1e O:/01. Programs/stm32cubeide/STM32CubeIDE_1.16.1/STM32CubeIDE/plugins/com.st.stm32cube.ide.mcu.externaltools.gnu-tools-for-stm32.12.3.rel1.win32_1.0.200.202406191623/tools/bin/../lib/gcc/arm-none-eabi/12.3.1/thumb/v7e-m/nofp/crti.o
 .ARM.attributes
                0x0000001e       0x2e O:/01. Programs/stm32cubeide/STM32CubeIDE_1.16.1/STM32CubeIDE/plugins/com.st.stm32cube.ide.mcu.externaltools.gnu-tools-for-stm32.12.3.rel1.win32_1.0.200.202406191623/tools/bin/../lib/gcc/arm-none-eabi/12.3.1/thumb/v7e-m/nofp/crtbegin.o
 .ARM.attributes
                0x0000004c       0x2e ./MCAL/GPIO/GPIO_Program.o
 .ARM.attributes
                0x0000007a       0x2e ./MCAL/SYSTCK/SYSTICK_program.o
 .ARM.attributes
                0x000000a8       0x2e ./OS/Kernel_program.o
 .ARM.attributes
                0x000000d6       0x2e ./Src/main.o
 .ARM.attributes
                0x00000104       0x21 ./Startup/startup_stm32f446retx.o
 .ARM.attributes
                0x00000125       0x2e O:/01. Programs/stm32cubeide/STM32CubeIDE_1.16.1/STM32CubeIDE/plugins/com.st.stm32cube.ide.mcu.externaltools.gnu-tools-for-stm32.12.3.rel1.win32_1.0.200.202406191623/tools/bin/../lib/gcc/arm-none-eabi/12.3.1/../../../../arm-none-eabi/lib/thumb/v7e-m/nofp\libc_nano.a(libc_a-init.o)
 .ARM.attributes
                0x00000153       0x1e O:/01. Programs/stm32cubeide/STM32CubeIDE_1.16.1/STM32CubeIDE/plugins/com.st.stm32cube.ide.mcu.externaltools.gnu-tools-for-stm32.12.3.rel1.win32_1.0.200.202406191623/tools/bin/../lib/gcc/arm-none-eabi/12.3.1/thumb/v7e-m/nofp/crtn.o
OUTPUT(RTOS_Scheduler.elf elf32-littlearm)
LOAD linker stubs
LOAD O:/01. Programs/stm32cubeide/STM32CubeIDE_1.16.1/STM32CubeIDE/plugins/com.st.stm32cube.ide.mcu.externaltools.gnu-tools-for-stm32.12.3.rel1.win32_1.0.200.202406191623/tools/bin/../lib/gcc/arm-none-eabi/12.3.1/../../../../arm-none-eabi/lib/thumb/v7e-m/nofp\libc.a
LOAD O:/01. Programs/stm32cubeide/STM32CubeIDE_1.16.1/STM32CubeIDE/plugins/com.st.stm32cube.ide.mcu.externaltools.gnu-tools-for-stm32.12.3.rel1.win32_1.0.200.202406191623/tools/bin/../lib/gcc/arm-none-eabi/12.3.1/../../../../arm-none-eabi/lib/thumb/v7e-m/nofp\libm.a
LOAD O:/01. Programs/stm32cubeide/STM32CubeIDE_1.16.1/STM32CubeIDE/plugins/com.st.stm32cube.ide.mcu.externaltools.gnu-tools-for-stm32.12.3.rel1.win32_1.0.200.202406191623/tools/bin/../lib/gcc/arm-none-eabi/12.3.1/thumb/v7e-m/nofp\libgcc.a

.debug_info     0x00000000     0x135a
 .debug_info    0x00000000      0x7c0 ./MCAL/GPIO/GPIO_Program.o
 .debug_info    0x000007c0      0x2da ./MCAL/SYSTCK/SYSTICK_program.o
 .debug_info    0x00000a9a      0x3a5 ./OS/Kernel_program.o
 .debug_info    0x00000e3f      0x4eb ./Src/main.o
 .debug_info    0x0000132a       0x30 ./Startup/startup_stm32f446retx.o

.debug_abbrev   0x00000000      0x5e2
 .debug_abbrev  0x00000000      0x15f ./MCAL/GPIO/GPIO_Program.o
 .debug_abbrev  0x0000015f      0x145 ./MCAL/SYSTCK/SYSTICK_program.o
 .debug_abbrev  0x000002a4      0x1a7 ./OS/Kernel_program.o
 .debug_abbrev  0x0000044b      0x17a ./Src/main.o
 .debug_abbrev  0x000005c5       0x1d ./Startup/startup_stm32f446retx.o

.debug_loc      0x00000000      0x730
 .debug_loc     0x00000000      0x170 ./MCAL/GPIO/GPIO_Program.o
 .debug_loc     0x00000170      0x2dc ./MCAL/SYSTCK/SYSTICK_program.o
 .debug_loc     0x0000044c      0x208 ./OS/Kernel_program.o
 .debug_loc     0x00000654       0xdc ./Src/main.o

.debug_aranges  0x00000000      0x170
 .debug_aranges
                0x00000000       0x38 ./MCAL/GPIO/GPIO_Program.o
 .debug_aranges
                0x00000038       0x68 ./MCAL/SYSTCK/SYSTICK_program.o
 .debug_aranges
                0x000000a0       0x68 ./OS/Kernel_program.o
 .debug_aranges
                0x00000108       0x40 ./Src/main.o
 .debug_aranges
                0x00000148       0x28 ./Startup/startup_stm32f446retx.o

.debug_ranges   0x00000000      0x128
 .debug_ranges  0x00000000       0x28 ./MCAL/GPIO/GPIO_Program.o
 .debug_ranges  0x00000028       0x58 ./MCAL/SYSTCK/SYSTICK_program.o
 .debug_ranges  0x00000080       0x58 ./OS/Kernel_program.o
 .debug_ranges  0x000000d8       0x30 ./Src/main.o
 .debug_ranges  0x00000108       0x20 ./Startup/startup_stm32f446retx.o

.debug_macro    0x00000000     0x14f3
 .debug_macro   0x00000000       0x46 ./MCAL/GPIO/GPIO_Program.o
 .debug_macro   0x00000046      0xab4 ./MCAL/GPIO/GPIO_Program.o
 .debug_macro   0x00000afa       0x4c ./MCAL/GPIO/GPIO_Program.o
 .debug_macro   0x00000b46       0x70 ./MCAL/GPIO/GPIO_Program.o
 .debug_macro   0x00000bb6      0x25f ./MCAL/GPIO/GPIO_Program.o
 .debug_macro   0x00000e15       0x6f ./MCAL/SYSTCK/SYSTICK_program.o
 .debug_macro   0x00000e84       0x10 ./MCAL/SYSTCK/SYSTICK_program.o
 .debug_macro   0x00000e94       0x4c ./MCAL/SYSTCK/SYSTICK_program.o
 .debug_macro   0x00000ee0       0x22 ./MCAL/SYSTCK/SYSTICK_program.o
 .debug_macro   0x00000f02       0xd4 ./OS/Kernel_program.o
 .debug_macro   0x00000fd6       0x22 ./OS/Kernel_program.o
 .debug_macro   0x00000ff8       0x8e ./OS/Kernel_program.o
 .debug_macro   0x00001086       0x51 ./OS/Kernel_program.o
 .debug_macro   0x000010d7      0x103 ./OS/Kernel_program.o
 .debug_macro   0x000011da       0x6a ./OS/Kernel_program.o
 .debug_macro   0x00001244      0x1df ./OS/Kernel_program.o
 .debug_macro   0x00001423       0xd0 ./Src/main.o

.debug_line     0x00000000     0x1716
 .debug_line    0x00000000      0x807 ./MCAL/GPIO/GPIO_Program.o
 .debug_line    0x00000807      0x282 ./MCAL/SYSTCK/SYSTICK_program.o
 .debug_line    0x00000a89      0x67f ./OS/Kernel_program.o
 .debug_line    0x00001108      0x58a ./Src/main.o
 .debug_line    0x00001692       0x84 ./Startup/startup_stm32f446retx.o

.debug_str      0x00000000     0x5391
 .debug_str     0x00000000     0x3f8d ./MCAL/GPIO/GPIO_Program.o
                               0x401b (size before relaxing)
 .debug_str     0x00003f8d      0x3ee ./MCAL/SYSTCK/SYSTICK_program.o
                               0x401f (size before relaxing)
 .debug_str     0x0000437b      0xf98 ./OS/Kernel_program.o
                               0x4eb7 (size before relaxing)
 .debug_str     0x00005313       0x3f ./Src/main.o
                               0x4fc7 (size before relaxing)
 .debug_str     0x00005352       0x3f ./Startup/startup_stm32f446retx.o
                                 0x80 (size before relaxing)

.comment        0x00000000       0x43
 .comment       0x00000000       0x43 ./MCAL/GPIO/GPIO_Program.o
                                 0x44 (size before relaxing)
 .comment       0x00000043       0x44 ./MCAL/SYSTCK/SYSTICK_program.o
 .comment       0x00000043       0x44 ./OS/Kernel_program.o
 .comment       0x00000043       0x44 ./Src/main.o

.debug_frame    0x00000000      0x3fc
 .debug_frame   0x00000000       0xb0 ./MCAL/GPIO/GPIO_Program.o
 .debug_frame   0x000000b0      0x168 ./MCAL/SYSTCK/SYSTICK_program.o
 .debug_frame   0x00000218      0x12c ./OS/Kernel_program.o
 .debug_frame   0x00000344       0x8c ./Src/main.o
 .debug_frame   0x000003d0       0x2c O:/01. Programs/stm32cubeide/STM32CubeIDE_1.16.1/STM32CubeIDE/plugins/com.st.stm32cube.ide.mcu.externaltools.gnu-tools-for-stm32.12.3.rel1.win32_1.0.200.202406191623/tools/bin/../lib/gcc/arm-none-eabi/12.3.1/../../../../arm-none-eabi/lib/thumb/v7e-m/nofp\libc_nano.a(libc_a-init.o)
